// Jest Snapshot v1, https://goo.gl/fbAQLP

exports[`editJson.ts reads files 1`] = `
default_1 {
  "fileContents": "{
  "scripts": {
    "foo": "bar"
  }
}",
  "indent": {
    "amount": 2,
    "indent": "  ",
    "type": "space",
  },
  "package": {
    "scripts": {
      "foo": "bar",
    },
  },
  "path": "real/existing/path/package.json",
}
`;
