// Jest Snapshot v1, https://goo.gl/fbAQLP

exports[`index.ts should lint files 1`] = `
{
  "issues": [
    {
      "affected": undefined,
      "message": "must contain a "test" script (mandatory-test)",
      "name": "mandatory-test",
      "type": "warning",
    },
    {
      "affected": undefined,
      "message": "must contain a "start" script (mandatory-start)",
      "name": "mandatory-start",
      "type": "warning",
    },
    {
      "affected": undefined,
      "message": "must contain a "dev" script (mandatory-dev)",
      "name": "mandatory-dev",
      "type": "warning",
    },
  ],
  "scripts": {
    "foo": "bar",
  },
}
`;
