// Jest Snapshot v1, https://goo.gl/fbAQLP

exports[`userConfig.ts loadConfig() 1`] = `
{
  "config": false,
  "customRules": [],
  "fix": false,
  "ignoreScripts": [
    "foobar",
  ],
  "json": false,
  "packageFile": undefined,
  "rules": {
    "mandatory-dev": false,
  },
  "strict": true,
}
`;

exports[`userConfig.ts should sanitize configs: invalid keys 1`] = `"unknown config key "invalid""`;
